Archive member included because of file (symbol)

../../avr/mega64/lib\libusmartx.a(usmartx.o)
                              timers.o (TSK_Self)
../../avr/mega64/lib\libusmartx.a(queue.o)
                              ../../avr/mega64/lib\libusmartx.a(usmartx.o) (enqueue_top_object)
../../avr/mega64/lib\libusmartx.a(mailbox.o)
                              timers.o (MBX_Init)
../../avr/mega64/lib\libusmartx.a(hal.o)
                              ../../avr/mega64/lib\libusmartx.a(usmartx.o) (INT_Disable)
g:/WinAVR/bin/../lib/gcc/avr/3.4.1/avr5\libgcc.a(_exit.o)
                              timers.o (exit)
g:/WinAVR/bin/../lib/gcc/avr/3.4.1/avr5\libgcc.a(_copy_data.o)
                              timers.o (__do_copy_data)
g:/WinAVR/bin/../lib/gcc/avr/3.4.1/avr5\libgcc.a(_clear_bss.o)
                              timers.o (__do_clear_bss)
g:/WinAVR/bin/../lib/gcc/avr/3.4.1/../../../../avr/lib/avr5\libc.a(memcpy.o)
                              ../../avr/mega64/lib\libusmartx.a(mailbox.o) (memcpy)

Allocating common symbols
Common symbol       size              file

g_timerq            0x4               ../../avr/mega64/lib\libusmartx.a(usmartx.o)
g_taskq             0x4               ../../avr/mega64/lib\libusmartx.a(usmartx.o)
TSK_LED             0x24              timers.o
mcb_buff_SYS_EVENT_MBX
                    0x5               timers.o
TSK_KESYSCAN        0x24              timers.o
TSK_SYSTEM          0x24              timers.o
g_ticks             0x4               ../../avr/mega64/lib\libusmartx.a(usmartx.o)
mcb_msg_SYS_EVENT_MBX
                    0x1e              timers.o
pcurr_ctx           0x2               ../../avr/mega64/lib\libusmartx.a(usmartx.o)
KEY_TIMER           0x10              timers.o

Memory Configuration

Name             Origin             Length             Attributes
text             0x00000000         0x00020000         xr
data             0x00800060         0x0000ffa0         rw !x
eeprom           0x00810000         0x00010000         rw !x
*default*        0x00000000         0xffffffff

Linker script and memory map

Address of section .data set to 0x800100
LOAD g:/WinAVR/bin/../lib/gcc/avr/3.4.1/../../../../avr/lib/avr5/crtm64.o
LOAD timers.o
LOAD ../../avr/mega64/lib\libusmartx.a
LOAD g:/WinAVR/bin/../lib/gcc/avr/3.4.1/avr5\libgcc.a
LOAD g:/WinAVR/bin/../lib/gcc/avr/3.4.1/../../../../avr/lib/avr5\libc.a
LOAD g:/WinAVR/bin/../lib/gcc/avr/3.4.1/avr5\libgcc.a

.hash
 *(.hash)

.dynsym
 *(.dynsym)

.dynstr
 *(.dynstr)

.gnu.version
 *(.gnu.version)

.gnu.version_d
 *(.gnu.version_d)

.gnu.version_r
 *(.gnu.version_r)

.rel.init
 *(.rel.init)

.rela.init
 *(.rela.init)

.rel.text
 *(.rel.text)
 *(.rel.text.*)
 *(.rel.gnu.linkonce.t*)

.rela.text
 *(.rela.text)
 *(.rela.text.*)
 *(.rela.gnu.linkonce.t*)

.rel.fini
 *(.rel.fini)

.rela.fini
 *(.rela.fini)

.rel.rodata
 *(.rel.rodata)
 *(.rel.rodata.*)
 *(.rel.gnu.linkonce.r*)

.rela.rodata
 *(.rela.rodata)
 *(.rela.rodata.*)
 *(.rela.gnu.linkonce.r*)

.rel.data
 *(.rel.data)
 *(.rel.data.*)
 *(.rel.gnu.linkonce.d*)

.rela.data
 *(.rela.data)
 *(.rela.data.*)
 *(.rela.gnu.linkonce.d*)

.rel.ctors
 *(.rel.ctors)

.rela.ctors
 *(.rela.ctors)

.rel.dtors
 *(.rel.dtors)

.rela.dtors
 *(.rela.dtors)

.rel.got
 *(.rel.got)

.rela.got
 *(.rela.got)

.rel.bss
 *(.rel.bss)

.rela.bss
 *(.rela.bss)

.rel.plt
 *(.rel.plt)

.rela.plt
 *(.rela.plt)

.text           0x00000000      0xbf0
 *(.vectors)
 .vectors       0x00000000       0x8c g:/WinAVR/bin/../lib/gcc/avr/3.4.1/../../../../avr/lib/avr5/crtm64.o
                0x00000000                __vectors
                0x00000000                __vector_default
                0x0000008c                __ctors_start = .
 *(.ctors)
                0x0000008c                __ctors_end = .
                0x0000008c                __dtors_start = .
 *(.dtors)
                0x0000008c                __dtors_end = .
 *(.progmem.gcc*)
 *(.progmem*)
                0x0000008c                . = ALIGN (0x2)
 *(.init0)
 *(.init1)
 *(.init2)
 .init2         0x0000008c        0xc g:/WinAVR/bin/../lib/gcc/avr/3.4.1/../../../../avr/lib/avr5/crtm64.o
 *(.init3)
 *(.init4)
 .init4         0x00000098       0x16 g:/WinAVR/bin/../lib/gcc/avr/3.4.1/avr5\libgcc.a(_copy_data.o)
                0x00000098                __do_copy_data
 .init4         0x000000ae       0x10 g:/WinAVR/bin/../lib/gcc/avr/3.4.1/avr5\libgcc.a(_clear_bss.o)
                0x000000ae                __do_clear_bss
 *(.init5)
 *(.init6)
 *(.init7)
 *(.init8)
 *(.init9)
 .init9         0x000000be        0x4 g:/WinAVR/bin/../lib/gcc/avr/3.4.1/../../../../avr/lib/avr5/crtm64.o
 *(.text)
 .text          0x000000c2        0x4 g:/WinAVR/bin/../lib/gcc/avr/3.4.1/../../../../avr/lib/avr5/crtm64.o
                0x000000c2                __vector_22
                0x000000c2                __vector_28
                0x000000c2                __vector_1
                0x000000c2                __vector_32
                0x000000c2                __vector_34
                0x000000c2                __vector_24
                0x000000c2                __vector_12
                0x000000c2                __bad_interrupt
                0x000000c2                __vector_6
                0x000000c2                __vector_31
                0x000000c2                __vector_3
                0x000000c2                __vector_23
                0x000000c2                __vector_30
                0x000000c2                __vector_25
                0x000000c2                __vector_11
                0x000000c2                __vector_13
                0x000000c2                __vector_17
                0x000000c2                __vector_19
                0x000000c2                __vector_7
                0x000000c2                __vector_27
                0x000000c2                __vector_5
                0x000000c2                __vector_33
                0x000000c2                __vector_4
                0x000000c2                __vector_9
                0x000000c2                __vector_2
                0x000000c2                __vector_21
                0x000000c2                __vector_29
                0x000000c2                __vector_8
                0x000000c2                __vector_26
                0x000000c2                __vector_14
                0x000000c2                __vector_10
                0x000000c2                __vector_16
                0x000000c2                __vector_18
                0x000000c2                __vector_20
 .text          0x000000c6      0x1f0 timers.o
                0x0000010e                KeyFxn
                0x000001fc                TSK_System
                0x0000014e                TSK_LedHandler
                0x00000176                TSK_KeyScan
                0x0000027a                main
                0x000000c6                __vector_15
 .text          0x000002b6      0x4e6 ../../avr/mega64/lib\libusmartx.a(usmartx.o)
                0x00000792                get_curr_tsk
                0x000004d6                uSMARTX_Init
                0x00000552                timer_enqueue
                0x000006be                uSMARTX_Tick
                0x00000610                TMR_Start
                0x000005de                TMR_ReStart
                0x000003d2                TSK_Resume
                0x000002f6                remove_timeout
                0x00000414                uSMARTX_Scheduler
                0x0000077a                tsk_delay_clb
                0x00000386                priority_enqueue_tsk
                0x00000370                TMR_GetTicks
                0x0000074c                append_timeout
                0x000002b6                TSK_Self
                0x00000344                TMR_Stop
                0x000002c0                timer_dequeue
                0x0000030a                TSK_Suspend
                0x0000068a                TSK_Sleep
 .text          0x0000079c      0x11e ../../avr/mega64/lib\libusmartx.a(queue.o)
                0x0000079c                enqueue_top_object
                0x000007d6                enqueue_middle_object
                0x000007fc                enqueue_bottom_object
                0x00000870                dequeue_object
                0x00000838                dequeue_top_object
 .text          0x000008ba      0x314 ../../avr/mega64/lib\libusmartx.a(mailbox.o)
                0x00000a24                MBX_Pend
                0x00000b0c                MBX_Flush
                0x00000ba4                mbx_tout_clb
                0x000008ba                MBX_Init
                0x00000942                MBX_Post
 .text          0x00000bce        0xe ../../avr/mega64/lib\libusmartx.a(hal.o)
                0x00000bd6                INT_Restore
                0x00000bd4                INT_Enable
                0x00000bce                INT_Disable
 .text          0x00000bdc       0x12 g:/WinAVR/bin/../lib/gcc/avr/3.4.1/../../../../avr/lib/avr5\libc.a(memcpy.o)
                0x00000bdc                memcpy
                0x00000bee                . = ALIGN (0x2)
 *(.text.*)
                0x00000bee                . = ALIGN (0x2)
 *(.fini9)
 *(.fini8)
 *(.fini7)
 *(.fini6)
 *(.fini5)
 *(.fini4)
 *(.fini3)
 *(.fini2)
 *(.fini1)
 *(.fini0)
 .fini0         0x00000bee        0x2 g:/WinAVR/bin/../lib/gcc/avr/3.4.1/avr5\libgcc.a(_exit.o)
                0x00000bf0                _etext = .

.data           0x00800100       0x54 load address 0x00000bf0
                0x00800100                PROVIDE (__data_start, .)
 *(.data)
 .data          0x00800100       0x53 timers.o
                0x0080013c                SYS_EVENT_MBX
                0x00800100                uSmartXTaskTable
 *(.gnu.linkonce.d*)
                0x00800154                . = ALIGN (0x2)
 *fill*         0x00800153        0x1 00
                0x00800154                _edata = .
                0x00800154                PROVIDE (__data_end, .)

.bss            0x00800154       0xb3
                0x00800154                PROVIDE (__bss_start, .)
 *(.bss)
 .bss           0x00800154        0x6 timers.o
 *(COMMON)
 COMMON         0x0080015a       0x9f timers.o
                                  0x0 (size before relaxing)
                0x0080015a                TSK_LED
                0x0080017e                mcb_buff_SYS_EVENT_MBX
                0x00800183                TSK_KESYSCAN
                0x008001a7                TSK_SYSTEM
                0x008001cb                mcb_msg_SYS_EVENT_MBX
                0x008001e9                KEY_TIMER
 COMMON         0x008001f9        0xe ../../avr/mega64/lib\libusmartx.a(usmartx.o)
                                  0x0 (size before relaxing)
                0x008001f9                g_timerq
                0x008001fd                g_taskq
                0x00800201                g_ticks
                0x00800205                pcurr_ctx
                0x00800207                PROVIDE (__bss_end, .)
                0x00000bf0                __data_load_start = LOADADDR (.data)
                0x00000c44                __data_load_end = (__data_load_start + SIZEOF (.data))

.noinit         0x00800207        0x0
                0x00800207                PROVIDE (__noinit_start, .)
 *(.noinit*)
                0x00800207                PROVIDE (__noinit_end, .)
                0x00800207                _end = .
                0x00800207                PROVIDE (__heap_start, .)

.eeprom         0x00810000        0x0 load address 0x00000c44
 *(.eeprom*)
                0x00810000                __eeprom_end = .

.stab
 *(.stab)

.stabstr
 *(.stabstr)

.stab.excl
 *(.stab.excl)

.stab.exclstr
 *(.stab.exclstr)

.stab.index
 *(.stab.index)

.stab.indexstr
 *(.stab.indexstr)

.comment
 *(.comment)

.debug
 *(.debug)

.line
 *(.line)

.debug_srcinfo
 *(.debug_srcinfo)

.debug_sfnames
 *(.debug_sfnames)

.debug_aranges  0x00000000       0x14
 *(.debug_aranges)
 .debug_aranges
                0x00000000       0x14 timers.o

.debug_pubnames
                0x00000000       0xfe
 *(.debug_pubnames)
 .debug_pubnames
                0x00000000       0xfe timers.o

.debug_info     0x00000000      0x64d
 *(.debug_info)
 .debug_info    0x00000000      0x64d timers.o
 *(.gnu.linkonce.wi.*)

.debug_abbrev   0x00000000      0x132
 *(.debug_abbrev)
 .debug_abbrev  0x00000000      0x132 timers.o

.debug_line     0x00000000      0x1d7
 *(.debug_line)
 .debug_line    0x00000000      0x1d7 timers.o

.debug_frame
 *(.debug_frame)

.debug_str      0x00000000      0x2fe
 *(.debug_str)
 .debug_str     0x00000000      0x2fe timers.o
                                0x340 (size before relaxing)

.debug_loc
 *(.debug_loc)

.debug_macinfo
 *(.debug_macinfo)
OUTPUT(timers.elf elf32-avr)

Cross Reference Table

Symbol                                            File
INT_Disable                                       ../../avr/mega64/lib\libusmartx.a(hal.o)
                                                  ../../avr/mega64/lib\libusmartx.a(mailbox.o)
                                                  ../../avr/mega64/lib\libusmartx.a(usmartx.o)
INT_Enable                                        ../../avr/mega64/lib\libusmartx.a(hal.o)
                                                  timers.o
INT_Restore                                       ../../avr/mega64/lib\libusmartx.a(hal.o)
                                                  ../../avr/mega64/lib\libusmartx.a(mailbox.o)
                                                  ../../avr/mega64/lib\libusmartx.a(usmartx.o)
KEY_TIMER                                         timers.o
KeyFxn                                            timers.o
MBX_Flush                                         ../../avr/mega64/lib\libusmartx.a(mailbox.o)
MBX_Init                                          ../../avr/mega64/lib\libusmartx.a(mailbox.o)
                                                  timers.o
MBX_Pend                                          ../../avr/mega64/lib\libusmartx.a(mailbox.o)
                                                  timers.o
MBX_Post                                          ../../avr/mega64/lib\libusmartx.a(mailbox.o)
                                                  timers.o
SYS_EVENT_MBX                                     timers.o
TMR_GetTicks                                      ../../avr/mega64/lib\libusmartx.a(usmartx.o)
                                                  timers.o
TMR_ReStart                                       ../../avr/mega64/lib\libusmartx.a(usmartx.o)
TMR_Start                                         ../../avr/mega64/lib\libusmartx.a(usmartx.o)
                                                  timers.o
TMR_Stop                                          ../../avr/mega64/lib\libusmartx.a(usmartx.o)
TSK_KESYSCAN                                      timers.o
TSK_KeyScan                                       timers.o
TSK_LED                                           timers.o
TSK_LedHandler                                    timers.o
TSK_Resume                                        ../../avr/mega64/lib\libusmartx.a(usmartx.o)
TSK_SYSTEM                                        timers.o
TSK_Self                                          ../../avr/mega64/lib\libusmartx.a(usmartx.o)
                                                  timers.o
TSK_Sleep                                         ../../avr/mega64/lib\libusmartx.a(usmartx.o)
                                                  timers.o
TSK_Suspend                                       ../../avr/mega64/lib\libusmartx.a(usmartx.o)
TSK_System                                        timers.o
__bad_interrupt                                   g:/WinAVR/bin/../lib/gcc/avr/3.4.1/../../../../avr/lib/avr5/crtm64.o
__bss_end                                         g:/WinAVR/bin/../lib/gcc/avr/3.4.1/avr5\libgcc.a(_clear_bss.o)
__bss_start                                       g:/WinAVR/bin/../lib/gcc/avr/3.4.1/avr5\libgcc.a(_clear_bss.o)
__data_end                                        g:/WinAVR/bin/../lib/gcc/avr/3.4.1/avr5\libgcc.a(_copy_data.o)
__data_load_start                                 g:/WinAVR/bin/../lib/gcc/avr/3.4.1/avr5\libgcc.a(_copy_data.o)
__data_start                                      g:/WinAVR/bin/../lib/gcc/avr/3.4.1/avr5\libgcc.a(_copy_data.o)
__do_clear_bss                                    g:/WinAVR/bin/../lib/gcc/avr/3.4.1/avr5\libgcc.a(_clear_bss.o)
                                                  ../../avr/mega64/lib\libusmartx.a(mailbox.o)
                                                  ../../avr/mega64/lib\libusmartx.a(queue.o)
                                                  ../../avr/mega64/lib\libusmartx.a(usmartx.o)
                                                  timers.o
__do_copy_data                                    g:/WinAVR/bin/../lib/gcc/avr/3.4.1/avr5\libgcc.a(_copy_data.o)
                                                  ../../avr/mega64/lib\libusmartx.a(mailbox.o)
                                                  ../../avr/mega64/lib\libusmartx.a(queue.o)
                                                  ../../avr/mega64/lib\libusmartx.a(usmartx.o)
                                                  timers.o
__heap_end                                        g:/WinAVR/bin/../lib/gcc/avr/3.4.1/../../../../avr/lib/avr5/crtm64.o
__init                                            g:/WinAVR/bin/../lib/gcc/avr/3.4.1/../../../../avr/lib/avr5/crtm64.o
__stack                                           g:/WinAVR/bin/../lib/gcc/avr/3.4.1/../../../../avr/lib/avr5/crtm64.o
                                                  timers.o
__vector_1                                        g:/WinAVR/bin/../lib/gcc/avr/3.4.1/../../../../avr/lib/avr5/crtm64.o
__vector_10                                       g:/WinAVR/bin/../lib/gcc/avr/3.4.1/../../../../avr/lib/avr5/crtm64.o
__vector_11                                       g:/WinAVR/bin/../lib/gcc/avr/3.4.1/../../../../avr/lib/avr5/crtm64.o
__vector_12                                       g:/WinAVR/bin/../lib/gcc/avr/3.4.1/../../../../avr/lib/avr5/crtm64.o
__vector_13                                       g:/WinAVR/bin/../lib/gcc/avr/3.4.1/../../../../avr/lib/avr5/crtm64.o
__vector_14                                       g:/WinAVR/bin/../lib/gcc/avr/3.4.1/../../../../avr/lib/avr5/crtm64.o
__vector_15                                       timers.o
                                                  g:/WinAVR/bin/../lib/gcc/avr/3.4.1/../../../../avr/lib/avr5/crtm64.o
__vector_16                                       g:/WinAVR/bin/../lib/gcc/avr/3.4.1/../../../../avr/lib/avr5/crtm64.o
__vector_17                                       g:/WinAVR/bin/../lib/gcc/avr/3.4.1/../../../../avr/lib/avr5/crtm64.o
__vector_18                                       g:/WinAVR/bin/../lib/gcc/avr/3.4.1/../../../../avr/lib/avr5/crtm64.o
__vector_19                                       g:/WinAVR/bin/../lib/gcc/avr/3.4.1/../../../../avr/lib/avr5/crtm64.o
__vector_2                                        g:/WinAVR/bin/../lib/gcc/avr/3.4.1/../../../../avr/lib/avr5/crtm64.o
__vector_20                                       g:/WinAVR/bin/../lib/gcc/avr/3.4.1/../../../../avr/lib/avr5/crtm64.o
__vector_21                                       g:/WinAVR/bin/../lib/gcc/avr/3.4.1/../../../../avr/lib/avr5/crtm64.o
__vector_22                                       g:/WinAVR/bin/../lib/gcc/avr/3.4.1/../../../../avr/lib/avr5/crtm64.o
__vector_23                                       g:/WinAVR/bin/../lib/gcc/avr/3.4.1/../../../../avr/lib/avr5/crtm64.o
__vector_24                                       g:/WinAVR/bin/../lib/gcc/avr/3.4.1/../../../../avr/lib/avr5/crtm64.o
__vector_25                                       g:/WinAVR/bin/../lib/gcc/avr/3.4.1/../../../../avr/lib/avr5/crtm64.o
__vector_26                                       g:/WinAVR/bin/../lib/gcc/avr/3.4.1/../../../../avr/lib/avr5/crtm64.o
__vector_27                                       g:/WinAVR/bin/../lib/gcc/avr/3.4.1/../../../../avr/lib/avr5/crtm64.o
__vector_28                                       g:/WinAVR/bin/../lib/gcc/avr/3.4.1/../../../../avr/lib/avr5/crtm64.o
__vector_29                                       g:/WinAVR/bin/../lib/gcc/avr/3.4.1/../../../../avr/lib/avr5/crtm64.o
__vector_3                                        g:/WinAVR/bin/../lib/gcc/avr/3.4.1/../../../../avr/lib/avr5/crtm64.o
__vector_30                                       g:/WinAVR/bin/../lib/gcc/avr/3.4.1/../../../../avr/lib/avr5/crtm64.o
__vector_31                                       g:/WinAVR/bin/../lib/gcc/avr/3.4.1/../../../../avr/lib/avr5/crtm64.o
__vector_32                                       g:/WinAVR/bin/../lib/gcc/avr/3.4.1/../../../../avr/lib/avr5/crtm64.o
__vector_33                                       g:/WinAVR/bin/../lib/gcc/avr/3.4.1/../../../../avr/lib/avr5/crtm64.o
__vector_34                                       g:/WinAVR/bin/../lib/gcc/avr/3.4.1/../../../../avr/lib/avr5/crtm64.o
__vector_4                                        g:/WinAVR/bin/../lib/gcc/avr/3.4.1/../../../../avr/lib/avr5/crtm64.o
__vector_5                                        g:/WinAVR/bin/../lib/gcc/avr/3.4.1/../../../../avr/lib/avr5/crtm64.o
__vector_6                                        g:/WinAVR/bin/../lib/gcc/avr/3.4.1/../../../../avr/lib/avr5/crtm64.o
__vector_7                                        g:/WinAVR/bin/../lib/gcc/avr/3.4.1/../../../../avr/lib/avr5/crtm64.o
__vector_8                                        g:/WinAVR/bin/../lib/gcc/avr/3.4.1/../../../../avr/lib/avr5/crtm64.o
__vector_9                                        g:/WinAVR/bin/../lib/gcc/avr/3.4.1/../../../../avr/lib/avr5/crtm64.o
__vector_default                                  g:/WinAVR/bin/../lib/gcc/avr/3.4.1/../../../../avr/lib/avr5/crtm64.o
__vectors                                         g:/WinAVR/bin/../lib/gcc/avr/3.4.1/../../../../avr/lib/avr5/crtm64.o
_exit                                             g:/WinAVR/bin/../lib/gcc/avr/3.4.1/avr5\libgcc.a(_exit.o)
append_timeout                                    ../../avr/mega64/lib\libusmartx.a(usmartx.o)
                                                  ../../avr/mega64/lib\libusmartx.a(mailbox.o)
dequeue_object                                    ../../avr/mega64/lib\libusmartx.a(queue.o)
                                                  ../../avr/mega64/lib\libusmartx.a(mailbox.o)
                                                  ../../avr/mega64/lib\libusmartx.a(usmartx.o)
dequeue_top_object                                ../../avr/mega64/lib\libusmartx.a(queue.o)
                                                  ../../avr/mega64/lib\libusmartx.a(mailbox.o)
                                                  ../../avr/mega64/lib\libusmartx.a(usmartx.o)
enqueue_bottom_object                             ../../avr/mega64/lib\libusmartx.a(queue.o)
                                                  ../../avr/mega64/lib\libusmartx.a(mailbox.o)
                                                  ../../avr/mega64/lib\libusmartx.a(usmartx.o)
enqueue_middle_object                             ../../avr/mega64/lib\libusmartx.a(queue.o)
                                                  ../../avr/mega64/lib\libusmartx.a(usmartx.o)
enqueue_top_object                                ../../avr/mega64/lib\libusmartx.a(queue.o)
                                                  ../../avr/mega64/lib\libusmartx.a(mailbox.o)
                                                  ../../avr/mega64/lib\libusmartx.a(usmartx.o)
exit                                              g:/WinAVR/bin/../lib/gcc/avr/3.4.1/avr5\libgcc.a(_exit.o)
                                                  timers.o
g_taskq                                           ../../avr/mega64/lib\libusmartx.a(usmartx.o)
g_ticks                                           ../../avr/mega64/lib\libusmartx.a(usmartx.o)
g_timerq                                          ../../avr/mega64/lib\libusmartx.a(usmartx.o)
get_curr_tsk                                      ../../avr/mega64/lib\libusmartx.a(usmartx.o)
                                                  ../../avr/mega64/lib\libusmartx.a(mailbox.o)
main                                              timers.o
                                                  g:/WinAVR/bin/../lib/gcc/avr/3.4.1/../../../../avr/lib/avr5/crtm64.o
mbx_tout_clb                                      ../../avr/mega64/lib\libusmartx.a(mailbox.o)
mcb_buff_SYS_EVENT_MBX                            timers.o
mcb_msg_SYS_EVENT_MBX                             timers.o
memcpy                                            g:/WinAVR/bin/../lib/gcc/avr/3.4.1/../../../../avr/lib/avr5\libc.a(memcpy.o)
                                                  ../../avr/mega64/lib\libusmartx.a(mailbox.o)
pcurr_ctx                                         ../../avr/mega64/lib\libusmartx.a(usmartx.o)
priority_enqueue_tsk                              ../../avr/mega64/lib\libusmartx.a(usmartx.o)
                                                  ../../avr/mega64/lib\libusmartx.a(mailbox.o)
remove_timeout                                    ../../avr/mega64/lib\libusmartx.a(usmartx.o)
                                                  ../../avr/mega64/lib\libusmartx.a(mailbox.o)
timer_dequeue                                     ../../avr/mega64/lib\libusmartx.a(usmartx.o)
timer_enqueue                                     ../../avr/mega64/lib\libusmartx.a(usmartx.o)
tsk_delay_clb                                     ../../avr/mega64/lib\libusmartx.a(usmartx.o)
uSMARTX_Init                                      ../../avr/mega64/lib\libusmartx.a(usmartx.o)
                                                  timers.o
uSMARTX_Scheduler                                 ../../avr/mega64/lib\libusmartx.a(usmartx.o)
                                                  timers.o
uSMARTX_Tick                                      ../../avr/mega64/lib\libusmartx.a(usmartx.o)
                                                  timers.o
uSmartXTaskTable                                  timers.o
